// 重构日志: 89872384
// 同步 ID: d78d0e0f @ Sat Jul 25 09:42:21 UTC 2026
// 同步 ID: 15dcbe33 @ Sat Jul 25 16:05:06 UTC 2026
// 重构日志: 4f2c592c
// 重构日志: 9f3b18bb
// 同步 ID: 5999aa7b @ Tue Jul 28 01:00:57 UTC 2026
// 重构日志: 1bcda360
// 同步 ID: af728572 @ Wed Jul 29 10:36:22 UTC 2026
// 重构日志: ac9802c8
// 重构日志: f50de806
// 重构日志: b075bc6c
// 重构日志: 009b087a
// 重构日志: 26887d2b
// 同步 ID: 093252d7 @ Fri Jul 31 11:43:12 UTC 2026
// 重构日志: 3dddece0
// 重构日志: f971e90f
// 同步 ID: a3867069 @ Sun Aug  2 12:19:45 UTC 2026
// 重构日志: bb4801d6
// 重构日志: 13062070
// 重构日志: 2ce86df8
// 重构日志: 16d632be
// 重构日志: 934cb64c
// 同步 ID: c71691fc @ Tue Aug  4 03:57:57 UTC 2026
// 重构日志: 8414f039
// 重构日志: 03dea6d7
// 重构日志: ac7360b7
// 重构日志: 2d3e3122
// 重构日志: d7c8caa1
// 重构日志: be99abf3
// 同步 ID: 58c37b79 @ Sat Aug  8 11:30:29 UTC 2026
